// Vitest Snapshot v1, https://vitest.dev/guide/snapshot.html

exports[`ExerciseHistoryPageShell > matches snapshot 1`] = `
<div
  class="ant-layout css-dev-only-do-not-override-xogyor css-var-_r_0_"
>
  <main
    class="ant-layout-content sc-bdnAzI eQprrB css-dev-only-do-not-override-xogyor"
  >
    <h1
      class="ant-typography sc-gtstET ccXCwe css-dev-only-do-not-override-xogyor css-var-_r_0_"
    >
      История упражнений
    </h1>
    <div>
      child
    </div>
  </main>
</div>
`;
