// Vitest Snapshot v1, https://vitest.dev/guide/snapshot.html

exports[`ExerciseHistoryPageShell > matches snapshot 1`] = `
<main
  class="ExerciseHistoryPageRoot-sc-1sp7lev-0 iXayGU"
>
  <h1
    class="ExerciseHistoryPageTitle-sc-1sp7lev-1 jrScfT"
  >
    История упражнений
  </h1>
  <div>
    child
  </div>
</main>
`;
