// Vitest Snapshot v1, https://vitest.dev/guide/snapshot.html

exports[`AppPageLayout > matches snapshot with outlet 1`] = `
<div
  class="ant-layout AppPageLayoutRoot-sc-1iczgko-0 hmLbso css-dev-only-do-not-override-xogyor css-var-_r_0_"
>
  <div>
    header
  </div>
  <main
    class="ant-layout-content AppPageContent-sc-1iczgko-1 gRJbmU css-dev-only-do-not-override-xogyor"
  >
    <div>
      page
    </div>
  </main>
</div>
`;
