// Vitest Snapshot v1, https://vitest.dev/guide/snapshot.html

exports[`ExerciseHistoryModule > matches snapshot 1`] = `
<div
  class="ant-layout css-dev-only-do-not-override-xogyor css-var-_r_0_"
>
  <main
    class="ant-layout-content sc-bdnAzI eQprrB css-dev-only-do-not-override-xogyor"
  >
    <h1
      class="ant-typography sc-gtstET ccXCwe css-dev-only-do-not-override-xogyor css-var-_r_0_"
    >
      История упражнений
    </h1>
    <span
      class="ant-typography ant-typography-secondary css-dev-only-do-not-override-xogyor css-var-_r_0_"
      style="display: block;"
    >
      Заглушка: раздел в разработке.
    </span>
  </main>
</div>
`;
