// Vitest Snapshot v1, https://vitest.dev/guide/snapshot.html

exports[`ExerciseHistoryPageShell > matches snapshot 1`] = `
<main
  class="ExerciseHistoryPageRoot-sc-1h1ajuc-0 fISBjD"
>
  <h1
    class="ExerciseHistoryPageTitle-sc-1h1ajuc-1 iVrpuE"
  >
    История упражнений
  </h1>
  <div>
    child
  </div>
</main>
`;
