// Vitest Snapshot v1, https://vitest.dev/guide/snapshot.html

exports[`StageContainer > matches snapshot 1`] = `
<div
  class="StageRoot-sc-1xm1ov7-0 ilpDfB"
>
  <div
    aria-busy="false"
    class="StageViewport-sc-1xm1ov7-1 gmiJda"
  >
    <canvas
      class="StageCanvas-sc-1xm1ov7-5 hotvgB"
    />
  </div>
</div>
`;
