// Vitest Snapshot v1, https://vitest.dev/guide/snapshot.html

exports[`StatusBarContainer > matches snapshot 1`] = `
<div
  class="WorkoutStatusBarRoot-sc-12c3i7q-0 diIruA"
>
  <span
    class="ant-tag ant-tag-filled ant-tag-success BadgeTag-sc-1ky7gew-0 jhktSS css-dev-only-do-not-override-xogyor css-var-_r_0_"
  >
    Модель: 
    загружена
  </span>
  <span
    class="ant-tag ant-tag-filled ant-tag-success BadgeTag-sc-1ky7gew-0 jhktSS css-dev-only-do-not-override-xogyor css-var-_r_0_"
  >
    Camera: 
    ready
  </span>
  <span
    class="ant-tag ant-tag-filled ant-tag-blue BadgeTag-sc-1ky7gew-0 jhktSS css-dev-only-do-not-override-xogyor css-var-_r_0_"
  >
    Голос: слушаю
  </span>
</div>
`;
